/usr/bin/bash: line 2: next: command not found
